Archive member included to satisfy reference by file (symbol)

c:/program files (x86)/atollic/truestudio for stm32 9.0.0/armtools/bin/../lib/gcc/arm-atollic-eabi/6.3.1/../../../../arm-atollic-eabi/lib/armv7e-m/fpu\libc_nano.a(lib_a-atoi.o)
                              Src\main.o (atoi)
c:/program files (x86)/atollic/truestudio for stm32 9.0.0/armtools/bin/../lib/gcc/arm-atollic-eabi/6.3.1/../../../../arm-atollic-eabi/lib/armv7e-m/fpu\libc_nano.a(lib_a-init.o)
                              startup\startup_stm32l476xx.o (__libc_init_array)
c:/program files (x86)/atollic/truestudio for stm32 9.0.0/armtools/bin/../lib/gcc/arm-atollic-eabi/6.3.1/../../../../arm-atollic-eabi/lib/armv7e-m/fpu\libc_nano.a(lib_a-sprintf.o)
                              Src\main.o (sprintf)
c:/program files (x86)/atollic/truestudio for stm32 9.0.0/armtools/bin/../lib/gcc/arm-atollic-eabi/6.3.1/../../../../arm-atollic-eabi/lib/armv7e-m/fpu\libc_nano.a(lib_a-strlen.o)
                              Src\main.o (strlen)
c:/program files (x86)/atollic/truestudio for stm32 9.0.0/armtools/bin/../lib/gcc/arm-atollic-eabi/6.3.1/../../../../arm-atollic-eabi/lib/armv7e-m/fpu\libc_nano.a(lib_a-strtol.o)
                              c:/program files (x86)/atollic/truestudio for stm32 9.0.0/armtools/bin/../lib/gcc/arm-atollic-eabi/6.3.1/../../../../arm-atollic-eabi/lib/armv7e-m/fpu\libc_nano.a(lib_a-atoi.o) (_strtol_r)
c:/program files (x86)/atollic/truestudio for stm32 9.0.0/armtools/bin/../lib/gcc/arm-atollic-eabi/6.3.1/../../../../arm-atollic-eabi/lib/armv7e-m/fpu\libc_nano.a(lib_a-impure.o)
                              c:/program files (x86)/atollic/truestudio for stm32 9.0.0/armtools/bin/../lib/gcc/arm-atollic-eabi/6.3.1/../../../../arm-atollic-eabi/lib/armv7e-m/fpu\libc_nano.a(lib_a-sprintf.o) (_impure_ptr)
c:/program files (x86)/atollic/truestudio for stm32 9.0.0/armtools/bin/../lib/gcc/arm-atollic-eabi/6.3.1/../../../../arm-atollic-eabi/lib/armv7e-m/fpu\libc_nano.a(lib_a-locale.o)
                              c:/program files (x86)/atollic/truestudio for stm32 9.0.0/armtools/bin/../lib/gcc/arm-atollic-eabi/6.3.1/../../../../arm-atollic-eabi/lib/armv7e-m/fpu\libc_nano.a(lib_a-strtol.o) (__locale_ctype_ptr_l)
c:/program files (x86)/atollic/truestudio for stm32 9.0.0/armtools/bin/../lib/gcc/arm-atollic-eabi/6.3.1/../../../../arm-atollic-eabi/lib/armv7e-m/fpu\libc_nano.a(lib_a-mbtowc_r.o)
                              c:/program files (x86)/atollic/truestudio for stm32 9.0.0/armtools/bin/../lib/gcc/arm-atollic-eabi/6.3.1/../../../../arm-atollic-eabi/lib/armv7e-m/fpu\libc_nano.a(lib_a-locale.o) (__ascii_mbtowc)
c:/program files (x86)/atollic/truestudio for stm32 9.0.0/armtools/bin/../lib/gcc/arm-atollic-eabi/6.3.1/../../../../arm-atollic-eabi/lib/armv7e-m/fpu\libc_nano.a(lib_a-nano-svfprintf.o)
                              c:/program files (x86)/atollic/truestudio for stm32 9.0.0/armtools/bin/../lib/gcc/arm-atollic-eabi/6.3.1/../../../../arm-atollic-eabi/lib/armv7e-m/fpu\libc_nano.a(lib_a-sprintf.o) (_svfprintf_r)
c:/program files (x86)/atollic/truestudio for stm32 9.0.0/armtools/bin/../lib/gcc/arm-atollic-eabi/6.3.1/../../../../arm-atollic-eabi/lib/armv7e-m/fpu\libc_nano.a(lib_a-nano-vfprintf_i.o)
                              c:/program files (x86)/atollic/truestudio for stm32 9.0.0/armtools/bin/../lib/gcc/arm-atollic-eabi/6.3.1/../../../../arm-atollic-eabi/lib/armv7e-m/fpu\libc_nano.a(lib_a-nano-svfprintf.o) (_printf_i)
c:/program files (x86)/atollic/truestudio for stm32 9.0.0/armtools/bin/../lib/gcc/arm-atollic-eabi/6.3.1/../../../../arm-atollic-eabi/lib/armv7e-m/fpu\libc_nano.a(lib_a-strcmp.o)
                              c:/program files (x86)/atollic/truestudio for stm32 9.0.0/armtools/bin/../lib/gcc/arm-atollic-eabi/6.3.1/../../../../arm-atollic-eabi/lib/armv7e-m/fpu\libc_nano.a(lib_a-locale.o) (strcmp)
c:/program files (x86)/atollic/truestudio for stm32 9.0.0/armtools/bin/../lib/gcc/arm-atollic-eabi/6.3.1/../../../../arm-atollic-eabi/lib/armv7e-m/fpu\libc_nano.a(lib_a-wctomb_r.o)
                              c:/program files (x86)/atollic/truestudio for stm32 9.0.0/armtools/bin/../lib/gcc/arm-atollic-eabi/6.3.1/../../../../arm-atollic-eabi/lib/armv7e-m/fpu\libc_nano.a(lib_a-locale.o) (__ascii_wctomb)
c:/program files (x86)/atollic/truestudio for stm32 9.0.0/armtools/bin/../lib/gcc/arm-atollic-eabi/6.3.1/../../../../arm-atollic-eabi/lib/armv7e-m/fpu\libc_nano.a(lib_a-ctype_.o)
                              c:/program files (x86)/atollic/truestudio for stm32 9.0.0/armtools/bin/../lib/gcc/arm-atollic-eabi/6.3.1/../../../../arm-atollic-eabi/lib/armv7e-m/fpu\libc_nano.a(lib_a-locale.o) (_ctype_)
c:/program files (x86)/atollic/truestudio for stm32 9.0.0/armtools/bin/../lib/gcc/arm-atollic-eabi/6.3.1/../../../../arm-atollic-eabi/lib/armv7e-m/fpu\libc_nano.a(lib_a-memchr.o)
[...]
Memory Configuration

Name             Origin             Length             Attributes
RAM              0x20000000         0x00018000         xrw
RAM2             0x10000000         0x00008000         xrw
FLASH            0x08000000         0x00100000         xr
*default*        0x00000000         0xffffffff

Linker script and memory map

LOAD c:/program files (x86)/atollic/truestudio for stm32 9.0.0/armtools/bin/../lib/gcc/arm-atollic-eabi/6.3.1/armv7e-m/fpu/crti.o
LOAD c:/program files (x86)/atollic/truestudio for stm32 9.0.0/armtools/bin/../lib/gcc/arm-atollic-eabi/6.3.1/armv7e-m/fpu/crtbegin.o
LOAD Drivers\STM32L4xx_HAL_Driver\Src\stm32l4xx_hal.o
LOAD Drivers\STM32L4xx_HAL_Driver\Src\stm32l4xx_hal_cortex.o
LOAD Drivers\STM32L4xx_HAL_Driver\Src\stm32l4xx_hal_dac.o
LOAD Drivers\STM32L4xx_HAL_Driver\Src\stm32l4xx_hal_dac_ex.o
LOAD Drivers\STM32L4xx_HAL_Driver\Src\stm32l4xx_hal_dma.o
LOAD Drivers\STM32L4xx_HAL_Driver\Src\stm32l4xx_hal_dma_ex.o
LOAD Drivers\STM32L4xx_HAL_Driver\Src\stm32l4xx_hal_flash.o
LOAD Drivers\STM32L4xx_HAL_Driver\Src\stm32l4xx_hal_flash_ex.o
LOAD Drivers\STM32L4xx_HAL_Driver\Src\stm32l4xx_hal_flash_ramfunc.o
LOAD Drivers\STM32L4xx_HAL_Driver\Src\stm32l4xx_hal_gpio.o
LOAD Drivers\STM32L4xx_HAL_Driver\Src\stm32l4xx_hal_i2c.o
LOAD Drivers\STM32L4xx_HAL_Driver\Src\stm32l4xx_hal_i2c_ex.o
LOAD Drivers\STM32L4xx_HAL_Driver\Src\stm32l4xx_hal_pwr.o
LOAD Drivers\STM32L4xx_HAL_Driver\Src\stm32l4xx_hal_pwr_ex.o
LOAD Drivers\STM32L4xx_HAL_Driver\Src\stm32l4xx_hal_rcc.o
LOAD Drivers\STM32L4xx_HAL_Driver\Src\stm32l4xx_hal_rcc_ex.o
LOAD Drivers\STM32L4xx_HAL_Driver\Src\stm32l4xx_hal_tim.o
LOAD Drivers\STM32L4xx_HAL_Driver\Src\stm32l4xx_hal_tim_ex.o
LOAD Drivers\STM32L4xx_HAL_Driver\Src\stm32l4xx_hal_uart.o
LOAD Drivers\STM32L4xx_HAL_Driver\Src\stm32l4xx_hal_uart_ex.o
LOAD Src\main.o
LOAD Src\stm32l4xx_hal_msp.o
LOAD Src\stm32l4xx_it.o
LOAD Src\system_stm32l4xx.o
LOAD startup\startup_stm32l476xx.o
                0x00000080                malloc_getpagesize_P = 0x80
START GROUP
LOAD c:/program files (x86)/atollic/truestudio for stm32 9.0.0/armtools/bin/../lib/gcc/arm-atollic-eabi/6.3.1/../../../../arm-atollic-eabi/lib/armv7e-m/fpu\libc_nano.a
LOAD c:/program files (x86)/atollic/truestudio for stm32 9.0.0/armtools/bin/../lib/gcc/arm-atollic-eabi/6.3.1/../../../../arm-atollic-eabi/lib/armv7e-m/fpu\libm.a
END GROUP
START GROUP
LOAD c:/program files (x86)/atollic/truestudio for stm32 9.0.0/armtools/bin/../lib/gcc/arm-atollic-eabi/6.3.1/armv7e-m/fpu\libgcc.a
LOAD c:/program files (x86)/atollic/truestudio for stm32 9.0.0/armtools/bin/../lib/gcc/arm-atollic-eabi/6.3.1/../../../../arm-atollic-eabi/lib/armv7e-m/fpu\libc_nano.a
END GROUP
START GROUP
LOAD c:/program files (x86)/atollic/truestudio for stm32 9.0.0/armtools/bin/../lib/gcc/arm-atollic-eabi/6.3.1/armv7e-m/fpu\libgcc.a
LOAD c:/program files (x86)/atollic/truestudio for stm32 9.0.0/armtools/bin/../lib/gcc/arm-atollic-eabi/6.3.1/../../../../arm-atollic-eabi/lib/armv7e-m/fpu\libc_nano.a
LOAD c:/program files (x86)/atollic/truestudio for stm32 9.0.0/armtools/bin/../lib/gcc/arm-atollic-eabi/6.3.1/../../../../arm-atollic-eabi/lib/armv7e-m/fpu\libnosys.a
END GROUP
START GROUP
LOAD c:/program files (x86)/atollic/truestudio for stm32 9.0.0/armtools/bin/../lib/gcc/arm-atollic-eabi/6.3.1/armv7e-m/fpu\libgcc.a
LOAD c:/program files (x86)/atollic/truestudio for stm32 9.0.0/armtools/bin/../lib/gcc/arm-atollic-eabi/6.3.1/../../../../arm-atollic-eabi/lib/armv7e-m/fpu\libc_nano.a
LOAD c:/program files (x86)/atollic/truestudio for stm32 9.0.0/armtools/bin/../lib/gcc/arm-atollic-eabi/6.3.1/../../../../arm-atollic-eabi/lib/armv7e-m/fpu\libnosys.a
END GROUP
LOAD c:/program files (x86)/atollic/truestudio for stm32 9.0.0/armtools/bin/../lib/gcc/arm-atollic-eabi/6.3.1/armv7e-m/fpu/crtend.o
LOAD c:/program files (x86)/atollic/truestudio for stm32 9.0.0/armtools/bin/../lib/gcc/arm-atollic-eabi/6.3.1/armv7e-m/fpu/crtn.o
                0x20018000                _estack = 0x20018000
                0x00000200                _Min_Heap_Size = 0x200
                0x00000400                _Min_Stack_Size = 0x400

.isr_vector     0x08000000      0x188
                0x08000000                . = ALIGN (0x4)
 *(.isr_vector)
 .isr_vector    0x08000000      0x188 startup\startup_stm32l476xx.o
                0x08000000                g_pfnVectors
                0x08000188                . = ALIGN (0x4)

.text           0x08000190     0x2b94
                0x08000190                . = ALIGN (0x4)
 *(.text)
 .text          0x08000190       0x40 c:/program files (x86)/atollic/truestudio for stm32 9.0.0/armtools/bin/../lib/gcc/arm-atollic-eabi/6.3.1/armv7e-m/fpu/crtbegin.o
 .text          0x080001d0       0x10 c:/program files (x86)/atollic/truestudio for stm32 9.0.0/armtools/bin/../lib/gcc/arm-atollic-eabi/6.3.1/../../../../arm-atollic-eabi/lib/armv7e-m/fpu\libc_nano.a(lib_a-strlen.o)
                0x080001d0                strlen
 .text          0x080001e0       0xa0 c:/program files (x86)/atollic/truestudio for stm32 9.0.0/armtools/bin/../lib/gcc/arm-atollic-eabi/6.3.1/../../../../arm-atollic-eabi/lib/armv7e-m/fpu\libc_nano.a(lib_a-memchr.o)
                0x080001e0                memchr
 .text          0x08000280       0x30 c:/program files (x86)/atollic/truestudio for stm32 9.0.0/armtools/bin/../lib/gcc/arm-atollic-eabi/6.3.1/armv7e-m/fpu\libgcc.a(_aeabi_uldivmod.o)
                0x08000280                __aeabi_uldivmod
 .text          0x080002b0      0x2dc c:/program files (x86)/atollic/truestudio for stm32 9.0.0/armtools/bin/../lib/gcc/arm-atollic-eabi/6.3.1/armv7e-m/fpu\libgcc.a(_udivmoddi4.o)
                0x080002b0                __udivmoddi4
 .text          0x0800058c        0x4 c:/program files (x86)/atollic/truestudio for stm32 9.0.0/armtools/bin/../lib/gcc/arm-atollic-eabi/6.3.1/armv7e-m/fpu\libgcc.a(_dvmd_tls.o)
                0x0800058c                __aeabi_idiv0
                0x0800058c                __aeabi_ldiv0
 *(.text*)
 .text.HAL_InitTick
                0x08000590       0x28 Drivers\STM32L4xx_HAL_Driver\Src\stm32l4xx_hal.o
                0x08000590                HAL_InitTick
 .text.HAL_Init
                0x080005b8       0x24 Drivers\STM32L4xx_HAL_Driver\Src\stm32l4xx_hal.o
                0x080005b8                HAL_Init
 .text.HAL_IncTick
                0x080005dc       0x10 Drivers\STM32L4xx_HAL_Driver\Src\stm32l4xx_hal.o
                0x080005dc                HAL_IncTick
 .text.HAL_GetTick
                0x080005ec        0xc Drivers\STM32L4xx_HAL_Driver\Src\stm32l4xx_hal.o
                0x080005ec                HAL_GetTick
 .text.HAL_Delay
                0x080005f8       0x1c Drivers\STM32L4xx_HAL_Driver\Src\stm32l4xx_hal.o
                0x080005f8                HAL_Delay
 .text.HAL_NVIC_SetPriorityGrouping
                0x08000614       0x24 Drivers\STM32L4xx_HAL_Driver\Src\stm32l4xx_hal_cortex.o
                0x08000614                HAL_NVIC_SetPriorityGrouping
 .text.HAL_NVIC_SetPriority
                0x08000638       0x68 Drivers\STM32L4xx_HAL_Driver\Src\stm32l4xx_hal_cortex.o
                0x08000638                HAL_NVIC_SetPriority
 .text.HAL_SYSTICK_Config
                0x080006a0       0x2c Drivers\STM32L4xx_HAL_Driver\Src\stm32l4xx_hal_cortex.o
                0x080006a0                HAL_SYSTICK_Config
 .text.HAL_SYSTICK_CLKSourceConfig
                0x080006cc       0x18 Drivers\STM32L4xx_HAL_Driver\Src\stm32l4xx_hal_cortex.o
                0x080006cc                HAL_SYSTICK_CLKSourceConfig
 .text.HAL_SYSTICK_Callback
                0x080006e4        0x2 Drivers\STM32L4xx_HAL_Driver\Src\stm32l4xx_hal_cortex.o
                0x080006e4                HAL_SYSTICK_Callback
 .text.HAL_SYSTICK_IRQHandler
                0x080006e6        0x8 Drivers\STM32L4xx_HAL_Driver\Src\stm32l4xx_hal_cortex.o
                0x080006e6                HAL_SYSTICK_IRQHandler
 .text.HAL_DAC_Init
                0x080006ee       0x26 Drivers\STM32L4xx_HAL_Driver\Src\stm32l4xx_hal_dac.o
                0x080006ee                HAL_DAC_Init
 .text.HAL_DAC_ConfigChannel
                0x08000714      0x108 Drivers\STM32L4xx_HAL_Driver\Src\stm32l4xx_hal_dac.o
                0x08000714                HAL_DAC_ConfigChannel
 .text.HAL_GPIO_Init
                0x0800081c      0x1b8 Drivers\STM32L4xx_HAL_Driver\Src\stm32l4xx_hal_gpio.o
                0x0800081c                HAL_GPIO_Init
 .text.HAL_GPIO_ReadPin
                0x080009d4        0xc Drivers\STM32L4xx_HAL_Driver\Src\stm32l4xx_hal_gpio.o
                0x080009d4                HAL_GPIO_ReadPin
 .text.HAL_GPIO_WritePin
                0x080009e0        0xa Drivers\STM32L4xx_HAL_Driver\Src\stm32l4xx_hal_gpio.o
                0x080009e0                HAL_GPIO_WritePin
 .text.HAL_GPIO_TogglePin
                0x080009ea        0x8 Drivers\STM32L4xx_HAL_Driver\Src\stm32l4xx_hal_gpio.o
                0x080009ea                HAL_GPIO_TogglePin
 *fill*         0x080009f2        0x2 
 .text.HAL_PWREx_GetVoltageRange
                0x080009f4       0x10 Drivers\STM32L4xx_HAL_Driver\Src\stm32l4xx_hal_pwr_ex.o
                0x080009f4                HAL_PWREx_GetVoltageRange
 .text.HAL_PWREx_ControlVoltageScaling
                0x08000a04       0x68 Drivers\STM32L4xx_HAL_Driver\Src\stm32l4xx_hal_pwr_ex.o
                0x08000a04                HAL_PWREx_ControlVoltageScaling
 .text.RCC_SetFlashLatencyFromMSIRange
                0x08000a6c       0x84 Drivers\STM32L4xx_HAL_Driver\Src\stm32l4xx_hal_rcc.o
 .text.HAL_RCC_GetSysClockFreq
                0x08000af0       0xd0 Drivers\STM32L4xx_HAL_Driver\Src\stm32l4xx_hal_rcc.o
                0x08000af0                HAL_RCC_GetSysClockFreq
 .text.HAL_RCC_OscConfig
                0x08000bc0      0x464 Drivers\STM32L4xx_HAL_Driver\Src\stm32l4xx_hal_rcc.o
                0x08000bc0                HAL_RCC_OscConfig
 .text.HAL_RCC_ClockConfig
                0x08001024      0x16c Drivers\STM32L4xx_HAL_Driver\Src\stm32l4xx_hal_rcc.o
                0x08001024                HAL_RCC_ClockConfig
 .text.HAL_RCC_GetHCLKFreq
                0x08001190        0xc Drivers\STM32L4xx_HAL_Driver\Src\stm32l4xx_hal_rcc.o
                0x08001190                HAL_RCC_GetHCLKFreq
 .text.HAL_RCC_GetPCLK1Freq
                0x0800119c       0x20 Drivers\STM32L4xx_HAL_Driver\Src\stm32l4xx_hal_rcc.o
                0x0800119c                HAL_RCC_GetPCLK1Freq
 .text.HAL_RCC_GetPCLK2Freq
                0x080011bc       0x20 Drivers\STM32L4xx_HAL_Driver\Src\stm32l4xx_hal_rcc.o
                0x080011bc                HAL_RCC_GetPCLK2Freq
 .text.RCCEx_PLLSAI1_Config
                0x080011dc      0x11c Drivers\STM32L4xx_HAL_Driver\Src\stm32l4xx_hal_rcc_ex.o
 .text.RCCEx_PLLSAI2_Config
                0x080012f8       0xfc Drivers\STM32L4xx_HAL_Driver\Src\stm32l4xx_hal_rcc_ex.o
 .text.HAL_RCCEx_PeriphCLKConfig
                0x080013f4      0x3d0 Drivers\STM32L4xx_HAL_Driver\Src\stm32l4xx_hal_rcc_ex.o
                0x080013f4                HAL_RCCEx_PeriphCLKConfig
 .text.UART_SetConfig
                0x080017c4      0x330 Drivers\STM32L4xx_HAL_Driver\Src\stm32l4xx_hal_uart.o
                0x080017c4                UART_SetConfig
 .text.UART_AdvFeatureConfig
                0x08001af4       0xa8 Drivers\STM32L4xx_HAL_Driver\Src\stm32l4xx_hal_uart.o
                0x08001af4                UART_AdvFeatureConfig
 .text.UART_WaitOnFlagUntilTimeout
                0x08001b9c       0x62 Drivers\STM32L4xx_HAL_Driver\Src\stm32l4xx_hal_uart.o
                0x08001b9c                UART_WaitOnFlagUntilTimeout
 .text.HAL_UART_Transmit
                0x08001bfe       0xae Drivers\STM32L4xx_HAL_Driver\Src\stm32l4xx_hal_uart.o
                0x08001bfe                HAL_UART_Transmit
 .text.HAL_UART_Receive
                0x08001cac       0xde Drivers\STM32L4xx_HAL_Driver\Src\stm32l4xx_hal_uart.o
                0x08001cac                HAL_UART_Receive
 .text.UART_CheckIdleState
                0x08001d8a       0x64 Drivers\STM32L4xx_HAL_Driver\Src\stm32l4xx_hal_uart.o
                0x08001d8a                UART_CheckIdleState
 .text.HAL_UART_Init
                0x08001dee       0x64 Drivers\STM32L4xx_HAL_Driver\Src\stm32l4xx_hal_uart.o
                0x08001dee                HAL_UART_Init
 *fill*         0x08001e52        0x2 
 .text.printWelcomeMessage
                0x08001e54       0x78 Src\main.o
                0x08001e54                printWelcomeMessage
 .text.readUserInput
                0x08001ecc       0x34 Src\main.o
                0x08001ecc                readUserInput
 .text.processUserInput
                0x08001f00       0x94 Src\main.o
                0x08001f00                processUserInput
 .text.SystemClock_Config
                0x08001f94       0x88 Src\main.o
                0x08001f94                SystemClock_Config
 .text.startup.main
                0x0800201c      0x118 Src\main.o
                0x0800201c                main
 .text.HAL_MspInit
                0x08002134       0x8c Src\stm32l4xx_hal_msp.o
                0x08002134                HAL_MspInit
 .text.HAL_DAC_MspInit
                0x080021c0       0x40 Src\stm32l4xx_hal_msp.o
                0x080021c0                HAL_DAC_MspInit
 .text.HAL_UART_MspInit
                0x08002200       0x48 Src\stm32l4xx_hal_msp.o
                0x08002200                HAL_UART_MspInit
 .text.SVC_Handler
                0x08002248        0x2 Src\stm32l4xx_it.o
                0x08002248                SVC_Handler
 .text.PendSV_Handler
                0x0800224a        0x2 Src\stm32l4xx_it.o
                0x0800224a                PendSV_Handler
 .text.SysTick_Handler
                0x0800224c        0xe Src\stm32l4xx_it.o
                0x0800224c                SysTick_Handler
 *fill*         0x0800225a        0x2 
 .text.SystemInit
                0x0800225c       0x48 Src\system_stm32l4xx.o
                0x0800225c                SystemInit
 .text.Reset_Handler
                0x080022a4       0x50 startup\startup_stm32l476xx.o
                0x080022a4                Reset_Handler
 .text.Default_Handler
                0x080022f4        0x2 startup\startup_stm32l476xx.o
                0x080022f4                RTC_Alarm_IRQHandler
                0x080022f4                EXTI2_IRQHandler
                0x080022f4                TIM8_TRG_COM_IRQHandler
                0x080022f4                TIM8_CC_IRQHandler
                0x080022f4                DebugMon_Handler
                0x080022f4                TIM1_CC_IRQHandler
                0x080022f4                TSC_IRQHandler
                0x080022f4                HardFault_Handler
                0x080022f4                TAMP_STAMP_IRQHandler
                0x080022f4                NMI_Handler
                0x080022f4                EXTI3_IRQHandler
                0x080022f4                LPTIM2_IRQHandler
                0x080022f4                DFSDM1_FLT1_IRQHandler
                0x080022f4                I2C3_ER_IRQHandler
                0x080022f4                DFSDM1_FLT2_IRQHandler
                0x080022f4                EXTI0_IRQHandler
                0x080022f4                I2C2_EV_IRQHandler
                0x080022f4                CAN1_RX0_IRQHandler
                0x080022f4                FPU_IRQHandler
                0x080022f4                TIM1_UP_TIM16_IRQHandler
                0x080022f4                UsageFault_Handler
                0x080022f4                ADC1_2_IRQHandler
                0x080022f4                SPI1_IRQHandler
                0x080022f4                TIM6_DAC_IRQHandler
                0x080022f4                TIM8_UP_IRQHandler
                0x080022f4                DMA2_Channel2_IRQHandler
                0x080022f4                DMA1_Channel4_IRQHandler
                0x080022f4                SAI2_IRQHandler
                0x080022f4                DFSDM1_FLT3_IRQHandler
                0x080022f4                USART3_IRQHandler
                0x080022f4                DMA1_Channel7_IRQHandler
                0x080022f4                CAN1_RX1_IRQHandler
                0x080022f4                LCD_IRQHandler
                0x080022f4                UART5_IRQHandler
                0x080022f4                ADC3_IRQHandler
                0x080022f4                TIM4_IRQHandler
                0x080022f4                DMA2_Channel1_IRQHandler
                0x080022f4                QUADSPI_IRQHandler
                0x080022f4                I2C1_EV_IRQHandler
                0x080022f4                DMA1_Channel6_IRQHandler
                0x080022f4                UART4_IRQHandler
                0x080022f4                DMA2_Channel4_IRQHandler
                0x080022f4                TIM3_IRQHandler
                0x080022f4                RCC_IRQHandler
                0x080022f4                DMA1_Channel1_IRQHandler
                0x080022f4                Default_Handler
                0x080022f4                DMA2_Channel7_IRQHandler
                0x080022f4                EXTI15_10_IRQHandler
                0x080022f4                TIM7_IRQHandler
                0x080022f4                SDMMC1_IRQHandler
                0x080022f4                TIM5_IRQHandler
                0x080022f4                I2C3_EV_IRQHandler
                0x080022f4                EXTI9_5_IRQHandler
                0x080022f4                RTC_WKUP_IRQHandler
                0x080022f4                PVD_PVM_IRQHandler
                0x080022f4                SPI2_IRQHandler
                0x080022f4                MemManage_Handler
                0x080022f4                CAN1_TX_IRQHandler
                0x080022f4                DMA2_Channel5_IRQHandler
                0x080022f4                DMA1_Channel5_IRQHandler
                0x080022f4                EXTI4_IRQHandler
                0x080022f4                RNG_IRQHandler
                0x080022f4                TIM1_TRG_COM_TIM17_IRQHandler
                0x080022f4                DMA1_Channel3_IRQHandler
                0x080022f4                COMP_IRQHandler
                0x080022f4                WWDG_IRQHandler
                0x080022f4                LPUART1_IRQHandler
                0x080022f4                DMA2_Channel6_IRQHandler
                0x080022f4                TIM2_IRQHandler
                0x080022f4                EXTI1_IRQHandler
                0x080022f4                USART2_IRQHandler
                0x080022f4                DFSDM1_FLT0_IRQHandler
                0x080022f4                I2C2_ER_IRQHandler
                0x080022f4                DMA1_Channel2_IRQHandler
                0x080022f4                TIM8_BRK_IRQHandler
                0x080022f4                CAN1_SCE_IRQHandler
                0x080022f4                FLASH_IRQHandler
                0x080022f4                BusFault_Handler
                0x080022f4                USART1_IRQHandler
                0x080022f4                OTG_FS_IRQHandler
                0x080022f4                SPI3_IRQHandler
                0x080022f4                I2C1_ER_IRQHandler
                0x080022f4                FMC_IRQHandler
                0x080022f4                SWPMI1_IRQHandler
                0x080022f4                LPTIM1_IRQHandler
                0x080022f4                SAI1_IRQHandler
                0x080022f4                DMA2_Channel3_IRQHandler
                0x080022f4                TIM1_BRK_TIM15_IRQHandler
 .text.atoi     0x080022f6        0x8 c:/program files (x86)/atollic/truestudio for stm32 9.0.0/armtools/bin/../lib/gcc/arm-atollic-eabi/6.3.1/../../../../arm-atollic-eabi/lib/armv7e-m/fpu\libc_nano.a(lib_a-atoi.o)
                0x080022f6                atoi
 *fill*         0x080022fe        0x2 
 .text.__libc_init_array
                0x08002300       0x48 c:/program files (x86)/atollic/truestudio for stm32 9.0.0/armtools/bin/../lib/gcc/arm-atollic-eabi/6.3.1/../../../../arm-atollic-eabi/lib/armv7e-m/fpu\libc_nano.a(lib_a-init.o)
                0x08002300                __libc_init_array
 .text.sprintf  0x08002348       0x48 c:/program files (x86)/atollic/truestudio for stm32 9.0.0/armtools/bin/../lib/gcc/arm-atollic-eabi/6.3.1/../../../../arm-atollic-eabi/lib/armv7e-m/fpu\libc_nano.a(lib_a-sprintf.o)
                0x08002348                siprintf
                0x08002348                sprintf
 .text._strtol_l.isra.0
                0x08002390      0x100 c:/program files (x86)/atollic/truestudio for stm32 9.0.0/armtools/bin/../lib/gcc/arm-atollic-eabi/6.3.1/../../../../arm-atollic-eabi/lib/armv7e-m/fpu\libc_nano.a(lib_a-strtol.o)
 .text.strtol   0x08002490       0x2c c:/program files (x86)/atollic/truestudio for stm32 9.0.0/armtools/bin/../lib/gcc/arm-atollic-eabi/6.3.1/../../../../arm-atollic-eabi/lib/armv7e-m/fpu\libc_nano.a(lib_a-strtol.o)
                0x08002490                strtol
 .text.__locale_ctype_ptr_l
                0x080024bc        0x6 c:/program files (x86)/atollic/truestudio for stm32 9.0.0/armtools/bin/../lib/gcc/arm-atollic-eabi/6.3.1/../../../../arm-atollic-eabi/lib/armv7e-m/fpu\libc_nano.a(lib_a-locale.o)
                0x080024bc                __locale_ctype_ptr_l
 .text.__ascii_mbtowc
                0x080024c2       0x24 c:/program files (x86)/atollic/truestudio for stm32 9.0.0/armtools/bin/../lib/gcc/arm-atollic-eabi/6.3.1/../../../../arm-atollic-eabi/lib/armv7e-m/fpu\libc_nano.a(lib_a-mbtowc_r.o)
                0x080024c2                __ascii_mbtowc
 .text.__ssputs_r
                0x080024e6       0xb6 c:/program files (x86)/atollic/truestudio for stm32 9.0.0/armtools/bin/../lib/gcc/arm-atollic-eabi/6.3.1/../../../../arm-atollic-eabi/lib/armv7e-m/fpu\libc_nano.a(lib_a-nano-svfprintf.o)
                0x080024e6                __ssputs_r
 .text._svfprintf_r
                0x0800259c      0x1e8 c:/program files (x86)/atollic/truestudio for stm32 9.0.0/armtools/bin/../lib/gcc/arm-atollic-eabi/6.3.1/../../../../arm-atollic-eabi/lib/armv7e-m/fpu\libc_nano.a(lib_a-nano-svfprintf.o)
                0x0800259c                _svfiprintf_r
                0x0800259c                _svfprintf_r
 .text._printf_common
                0x08002784       0xec c:/program files (x86)/atollic/truestudio for stm32 9.0.0/armtools/bin/../lib/gcc/arm-atollic-eabi/6.3.1/../../../../arm-atollic-eabi/lib/armv7e-m/fpu\libc_nano.a(lib_a-nano-vfprintf_i.o)
                0x08002784                _printf_common
 .text._printf_i
                0x08002870      0x240 c:/program files (x86)/atollic/truestudio for stm32 9.0.0/armtools/bin/../lib/gcc/arm-atollic-eabi/6.3.1/../../../../arm-atollic-eabi/lib/armv7e-m/fpu\libc_nano.a(lib_a-nano-vfprintf_i.o)
                0x08002870                _printf_i
 .text.__ascii_wctomb
                0x08002ab0       0x1a c:/program files (x86)/atollic/truestudio for stm32 9.0.0/armtools/bin/../lib/gcc/arm-atollic-eabi/6.3.1/../../../../arm-atollic-eabi/lib/armv7e-m/fpu\libc_nano.a(lib_a-wctomb_r.o)
                0x08002ab0                __ascii_wctomb
 .text.memcpy   0x08002aca       0x16 c:/program files (x86)/atollic/truestudio for stm32 9.0.0/armtools/bin/../lib/gcc/arm-atollic-eabi/6.3.1/../../../../arm-atollic-eabi/lib/armv7e-m/fpu\libc_nano.a(lib_a-memcpy-stub.o)
                0x08002aca                memcpy
 .text.memmove  0x08002ae0       0x34 c:/program files (x86)/atollic/truestudio for stm32 9.0.0/armtools/bin/../lib/gcc/arm-atollic-eabi/6.3.1/../../../../arm-atollic-eabi/lib/armv7e-m/fpu\libc_nano.a(lib_a-memmove.o)
                0x08002ae0                memmove
 .text._free_r  0x08002b14       0x9c c:/program files (x86)/atollic/truestudio for stm32 9.0.0/armtools/bin/../lib/gcc/arm-atollic-eabi/6.3.1/../../../../arm-atollic-eabi/lib/armv7e-m/fpu\libc_nano.a(lib_a-nano-freer.o)
                0x08002b14                _free_r
 .text._malloc_r
                0x08002bb0       0xbc c:/program files (x86)/atollic/truestudio for stm32 9.0.0/armtools/bin/../lib/gcc/arm-atollic-eabi/6.3.1/../../../../arm-atollic-eabi/lib/armv7e-m/fpu\libc_nano.a(lib_a-nano-mallocr.o)
                0x08002bb0                _malloc_r
 .text._realloc_r
                0x08002c6c       0x4c c:/program files (x86)/atollic/truestudio for stm32 9.0.0/armtools/bin/../lib/gcc/arm-atollic-eabi/6.3.1/../../../../arm-atollic-eabi/lib/armv7e-m/fpu\libc_nano.a(lib_a-nano-reallocr.o)
                0x08002c6c                _realloc_r
 .text._sbrk_r  0x08002cb8       0x20 c:/program files (x86)/atollic/truestudio for stm32 9.0.0/armtools/bin/../lib/gcc/arm-atollic-eabi/6.3.1/../../../../arm-atollic-eabi/lib/armv7e-m/fpu\libc_nano.a(lib_a-sbrkr.o)
                0x08002cb8                _sbrk_r
 .text.__malloc_lock
                0x08002cd8        0x2 c:/program files (x86)/atollic/truestudio for stm32 9.0.0/armtools/bin/../lib/gcc/arm-atollic-eabi/6.3.1/../../../../arm-atollic-eabi/lib/armv7e-m/fpu\libc_nano.a(lib_a-mlock.o)
                0x08002cd8                __malloc_lock
 .text.__malloc_unlock
                0x08002cda        0x2 c:/program files (x86)/atollic/truestudio for stm32 9.0.0/armtools/bin/../lib/gcc/arm-atollic-eabi/6.3.1/../../../../arm-atollic-eabi/lib/armv7e-m/fpu\libc_nano.a(lib_a-mlock.o)
                0x08002cda                __malloc_unlock
 .text._malloc_usable_size_r
                0x08002cdc       0x12 c:/program files (x86)/atollic/truestudio for stm32 9.0.0/armtools/bin/../lib/gcc/arm-atollic-eabi/6.3.1/../../../../arm-atollic-eabi/lib/armv7e-m/fpu\libc_nano.a(lib_a-nano-msizer.o)
                0x08002cdc                _malloc_usable_size_r
 *fill*         0x08002cee        0x2 
 .text._sbrk    0x08002cf0       0x1c c:/program files (x86)/atollic/truestudio for stm32 9.0.0/armtools/bin/../lib/gcc/arm-atollic-eabi/6.3.1/../../../../arm-atollic-eabi/lib/armv7e-m/fpu\libnosys.a(sbrk.o)
                0x08002cf0                _sbrk
 *(.glue_7)
 .glue_7        0x08002d0c        0x0 linker stubs
 *(.glue_7t)
 .glue_7t       0x08002d0c        0x0 linker stubs
 *(.eh_frame)
 .eh_frame      0x08002d0c        0x0 c:/program files (x86)/atollic/truestudio for stm32 9.0.0/armtools/bin/../lib/gcc/arm-atollic-eabi/6.3.1/armv7e-m/fpu/crtbegin.o
 *(.init)
 .init          0x08002d0c        0x4 c:/program files (x86)/atollic/truestudio for stm32 9.0.0/armtools/bin/../lib/gcc/arm-atollic-eabi/6.3.1/armv7e-m/fpu/crti.o
                0x08002d0c                _init
 .init          0x08002d10        0x8 c:/program files (x86)/atollic/truestudio for stm32 9.0.0/armtools/bin/../lib/gcc/arm-atollic-eabi/6.3.1/armv7e-m/fpu/crtn.o
 *(.fini)
 .fini          0x08002d18        0x4 c:/program files (x86)/atollic/truestudio for stm32 9.0.0/armtools/bin/../lib/gcc/arm-atollic-eabi/6.3.1/armv7e-m/fpu/crti.o
                0x08002d18                _fini
 .fini          0x08002d1c        0x8 c:/program files (x86)/atollic/truestudio for stm32 9.0.0/armtools/bin/../lib/gcc/arm-atollic-eabi/6.3.1/armv7e-m/fpu/crtn.o
                0x08002d24                . = ALIGN (0x4)
                0x08002d24                _etext = .

.vfp11_veneer   0x08002d24        0x0
 .vfp11_veneer  0x08002d24        0x0 linker stubs

.v4_bx          0x08002d24        0x0
 .v4_bx         0x08002d24        0x0 linker stubs

.iplt           0x08002d24        0x0
 .iplt          0x08002d24        0x0 c:/program files (x86)/atollic/truestudio for stm32 9.0.0/armtools/bin/../lib/gcc/arm-atollic-eabi/6.3.1/armv7e-m/fpu/crtbegin.o

.rodata         0x08002d24      0x2c4
                0x08002d24                . = ALIGN (0x4)
 *(.rodata)
 *(.rodata*)
 .rodata.CSWTCH.51
                0x08002d24        0x4 Drivers\STM32L4xx_HAL_Driver\Src\stm32l4xx_hal_uart.o
 .rodata.CSWTCH.52
                0x08002d28        0xd Drivers\STM32L4xx_HAL_Driver\Src\stm32l4xx_hal_uart.o
 .rodata.printWelcomeMessage.str1.1
                0x08002d35       0xf7 Src\main.o
 .rodata.processUserInput.str1.1
                0x08002e2c       0x2d Src\main.o
 .rodata.readUserInput.str1.1
                0x08002e59        0x5 Src\main.o
 .rodata.AHBPrescTable
                0x08002e5e       0x10 Src\system_stm32l4xx.o
                0x08002e5e                AHBPrescTable
 .rodata.APBPrescTable
                0x08002e6e        0x8 Src\system_stm32l4xx.o
                0x08002e6e                APBPrescTable
 *fill*         0x08002e76        0x2 
 .rodata.MSIRangeTable
                0x08002e78       0x30 Src\system_stm32l4xx.o
                0x08002e78                MSIRangeTable
 .rodata._setlocale_r.str1.1
                0x08002ea8        0x8 c:/program files (x86)/atollic/truestudio for stm32 9.0.0/armtools/bin/../lib/gcc/arm-atollic-eabi/6.3.1/../../../../arm-atollic-eabi/lib/armv7e-m/fpu\libc_nano.a(lib_a-locale.o)
                                  0x9 (size before relaxing)
 .rodata.str1.1
                0x08002eb0        0x2 c:/program files (x86)/atollic/truestudio for stm32 9.0.0/armtools/bin/../lib/gcc/arm-atollic-eabi/6.3.1/../../../../arm-atollic-eabi/lib/armv7e-m/fpu\libc_nano.a(lib_a-locale.o)
 .rodata._svfprintf_r.str1.1
                0x08002eb2       0x11 c:/program files (x86)/atollic/truestudio for stm32 9.0.0/armtools/bin/../lib/gcc/arm-atollic-eabi/6.3.1/../../../../arm-atollic-eabi/lib/armv7e-m/fpu\libc_nano.a(lib_a-nano-svfprintf.o)
 .rodata._printf_i.str1.1
                0x08002ec3       0x22 c:/program files (x86)/atollic/truestudio for stm32 9.0.0/armtools/bin/../lib/gcc/arm-atollic-eabi/6.3.1/../../../../arm-atollic-eabi/lib/armv7e-m/fpu\libc_nano.a(lib_a-nano-vfprintf_i.o)
 .rodata._ctype_
                0x08002ee5      0x101 c:/program files (x86)/atollic/truestudio for stm32 9.0.0/armtools/bin/../lib/gcc/arm-atollic-eabi/6.3.1/../../../../arm-atollic-eabi/lib/armv7e-m/fpu\libc_nano.a(lib_a-ctype_.o)
                0x08002ee5                _ctype_
                0x08002fe8                . = ALIGN (0x4)
 *fill*         0x08002fe6        0x2 

.ARM.extab
 *(.ARM.extab* .gnu.linkonce.armextab.*)

.ARM            0x08002fe8        0x8
                0x08002fe8                __exidx_start = .
 *(.ARM.exidx*)
 .ARM.exidx     0x08002fe8        0x8 c:/program files (x86)/atollic/truestudio for stm32 9.0.0/armtools/bin/../lib/gcc/arm-atollic-eabi/6.3.1/armv7e-m/fpu\libgcc.a(_udivmoddi4.o)
                0x08002ff0                __exidx_end = .

.rel.dyn        0x08002ff0        0x0
 .rel.iplt      0x08002ff0        0x0 c:/program files (x86)/atollic/truestudio for stm32 9.0.0/armtools/bin/../lib/gcc/arm-atollic-eabi/6.3.1/armv7e-m/fpu/crtbegin.o

.preinit_array  0x08002ff0        0x0
                0x08002ff0                PROVIDE (__preinit_array_start, .)
 *(.preinit_array*)
                0x08002ff0                PROVIDE (__preinit_array_end, .)

.init_array     0x08002ff0        0x4
                0x08002ff0                PROVIDE (__init_array_start, .)
 *(SORT(.init_array.*))
 *(.init_array*)
 .init_array    0x08002ff0        0x4 c:/program files (x86)/atollic/truestudio for stm32 9.0.0/armtools/bin/../lib/gcc/arm-atollic-eabi/6.3.1/armv7e-m/fpu/crtbegin.o
                0x08002ff4                PROVIDE (__init_array_end, .)

.fini_array     0x08002ff4        0x4
                [!provide]                PROVIDE (__fini_array_start, .)
 *(SORT(.fini_array.*))
 *(.fini_array*)
 .fini_array    0x08002ff4        0x4 c:/program files (x86)/atollic/truestudio for stm32 9.0.0/armtools/bin/../lib/gcc/arm-atollic-eabi/6.3.1/armv7e-m/fpu/crtbegin.o
                [!provide]                PROVIDE (__fini_array_end, .)
                0x08002ff8                _sidata = LOADADDR (.data)

.data           0x20000000      0x1d4 load address 0x08002ff8
                0x20000000                . = ALIGN (0x4)
                0x20000000                _sdata = .
 *(.data)
 *(.data*)
 .data.SystemCoreClock
                0x20000000        0x4 Src\system_stm32l4xx.o
                0x20000000                SystemCoreClock
 .data._impure_ptr
                0x20000004        0x4 c:/program files (x86)/atollic/truestudio for stm32 9.0.0/armtools/bin/../lib/gcc/arm-atollic-eabi/6.3.1/../../../../arm-atollic-eabi/lib/armv7e-m/fpu\libc_nano.a(lib_a-impure.o)
                0x20000004                _impure_ptr
 .data.impure_data
                0x20000008       0x60 c:/program files (x86)/atollic/truestudio for stm32 9.0.0/armtools/bin/../lib/gcc/arm-atollic-eabi/6.3.1/../../../../arm-atollic-eabi/lib/armv7e-m/fpu\libc_nano.a(lib_a-impure.o)
 .data.__global_locale
                0x20000068      0x16c c:/program files (x86)/atollic/truestudio for stm32 9.0.0/armtools/bin/../lib/gcc/arm-atollic-eabi/6.3.1/../../../../arm-atollic-eabi/lib/armv7e-m/fpu\libc_nano.a(lib_a-locale.o)
                0x20000068                __global_locale
                0x200001d4                . = ALIGN (0x4)
                0x200001d4                _edata = .

.igot.plt       0x200001d4        0x0 load address 0x080031cc
 .igot.plt      0x200001d4        0x0 c:/program files (x86)/atollic/truestudio for stm32 9.0.0/armtools/bin/../lib/gcc/arm-atollic-eabi/6.3.1/armv7e-m/fpu/crtbegin.o
                0x200001d4                . = ALIGN (0x4)

.bss            0x200001d4       0xbc load address 0x080031cc
                0x200001d4                _sbss = .
                0x200001d4                __bss_start__ = _sbss
 *(.bss)
 .bss           0x200001d4       0x1c c:/program files (x86)/atollic/truestudio for stm32 9.0.0/armtools/bin/../lib/gcc/arm-atollic-eabi/6.3.1/armv7e-m/fpu/crtbegin.o
 *(.bss*)
 .bss.__malloc_free_list
                0x200001f0        0x4 c:/program files (x86)/atollic/truestudio for stm32 9.0.0/armtools/bin/../lib/gcc/arm-atollic-eabi/6.3.1/../../../../arm-atollic-eabi/lib/armv7e-m/fpu\libc_nano.a(lib_a-nano-mallocr.o)
                0x200001f0                __malloc_free_list
 .bss.__malloc_sbrk_start
                0x200001f4        0x4 c:/program files (x86)/atollic/truestudio for stm32 9.0.0/armtools/bin/../lib/gcc/arm-atollic-eabi/6.3.1/../../../../arm-atollic-eabi/lib/armv7e-m/fpu\libc_nano.a(lib_a-nano-mallocr.o)
                0x200001f4                __malloc_sbrk_start
 .bss.heap_end.5239
                0x200001f8        0x4 c:/program files (x86)/atollic/truestudio for stm32 9.0.0/armtools/bin/../lib/gcc/arm-atollic-eabi/6.3.1/../../../../arm-atollic-eabi/lib/armv7e-m/fpu\libnosys.a(sbrk.o)
 *(COMMON)
 COMMON         0x200001fc        0x4 Drivers\STM32L4xx_HAL_Driver\Src\stm32l4xx_hal.o
                0x200001fc                uwTick
 COMMON         0x20000200       0x8c Src\main.o
                0x20000200                hdac1
                0x20000214                huart2
 COMMON         0x2000028c        0x4 c:/program files (x86)/atollic/truestudio for stm32 9.0.0/armtools/bin/../lib/gcc/arm-atollic-eabi/6.3.1/../../../../arm-atollic-eabi/lib/armv7e-m/fpu\libc_nano.a(lib_a-reent.o)
                0x2000028c                errno
                0x20000290                . = ALIGN (0x4)
                0x20000290                _ebss = .
                0x20000290                __bss_end__ = _ebss

._user_heap_stack
                0x20000290      0x600 load address 0x080031cc
                0x20000290                . = ALIGN (0x4)
                0x20000290                PROVIDE (end, .)
                [!provide]                PROVIDE (_end, .)
                0x20000490                . = (. + _Min_Heap_Size)
 *fill*         0x20000290      0x200 
                0x20000890                . = (. + _Min_Stack_Size)
 *fill*         0x20000490      0x400 
                0x20000890                . = ALIGN (0x4)

/DISCARD/
 libc.a(*)
 libm.a(*)
 libgcc.a(*)

.ARM.attributes
                0x00000000       0x30
 *(.ARM.attributes)
 .ARM.attributes
                0x00000000       0x22 c:/program files (x86)/atollic/truestudio for stm32 9.0.0/armtools/bin/../lib/gcc/arm-atollic-eabi/6.3.1/armv7e-m/fpu/crti.o
 .ARM.attributes
                0x00000022       0x34 c:/program files (x86)/atollic/truestudio for stm32 9.0.0/armtools/bin/../lib/gcc/arm-atollic-eabi/6.3.1/armv7e-m/fpu/crtbegin.o
 .ARM.attributes
                0x00000056       0x39 Drivers\STM32L4xx_HAL_Driver\Src\stm32l4xx_hal.o
 .ARM.attributes
                0x0000008f       0x39 Drivers\STM32L4xx_HAL_Driver\Src\stm32l4xx_hal_cortex.o
 .ARM.attributes
                0x000000c8       0x39 Drivers\STM32L4xx_HAL_Driver\Src\stm32l4xx_hal_dac.o
 .ARM.attributes
                0x00000101       0x39 Drivers\STM32L4xx_HAL_Driver\Src\stm32l4xx_hal_gpio.o
 .ARM.attributes
                0x0000013a       0x39 Drivers\STM32L4xx_HAL_Driver\Src\stm32l4xx_hal_pwr_ex.o
 .ARM.attributes
                0x00000173       0x39 Drivers\STM32L4xx_HAL_Driver\Src\stm32l4xx_hal_rcc.o
 .ARM.attributes
                0x000001ac       0x39 Drivers\STM32L4xx_HAL_Driver\Src\stm32l4xx_hal_rcc_ex.o
 .ARM.attributes
                0x000001e5       0x39 Drivers\STM32L4xx_HAL_Driver\Src\stm32l4xx_hal_uart.o
 .ARM.attributes
                0x0000021e       0x39 Src\main.o
 .ARM.attributes
                0x00000257       0x39 Src\stm32l4xx_hal_msp.o
 .ARM.attributes
                0x00000290       0x39 Src\stm32l4xx_it.o
 .ARM.attributes
                0x000002c9       0x39 Src\system_stm32l4xx.o
 .ARM.attributes
                0x00000302       0x21 startup\startup_stm32l476xx.o
 .ARM.attributes
                0x00000323       0x34 c:/program files (x86)/atollic/truestudio for stm32 9.0.0/armtools/bin/../lib/gcc/arm-atollic-eabi/6.3.1/../../../../arm-atollic-eabi/lib/armv7e-m/fpu\libc_nano.a(lib_a-atoi.o)
 .ARM.attributes
                0x00000357       0x34 c:/program files (x86)/atollic/truestudio for stm32 9.0.0/armtools/bin/../lib/gcc/arm-atollic-eabi/6.3.1/../../../../arm-atollic-eabi/lib/armv7e-m/fpu\libc_nano.a(lib_a-init.o)
 .ARM.attributes
                0x0000038b       0x34 c:/program files (x86)/atollic/truestudio for stm32 9.0.0/armtools/bin/../lib/gcc/arm-atollic-eabi/6.3.1/../../../../arm-atollic-eabi/lib/armv7e-m/fpu\libc_nano.a(lib_a-sprintf.o)
 .ARM.attributes
                0x000003bf       0x1b c:/program files (x86)/atollic/truestudio for stm32 9.0.0/armtools/bin/../lib/gcc/arm-atollic-eabi/6.3.1/../../../../arm-atollic-eabi/lib/armv7e-m/fpu\libc_nano.a(lib_a-strlen.o)
 .ARM.attributes
                0x000003da       0x34 c:/program files (x86)/atollic/truestudio for stm32 9.0.0/armtools/bin/../lib/gcc/arm-atollic-eabi/6.3.1/../../../../arm-atollic-eabi/lib/armv7e-m/fpu\libc_nano.a(lib_a-strtol.o)
 .ARM.attributes
                0x0000040e       0x34 c:/program files (x86)/atollic/truestudio for stm32 9.0.0/armtools/bin/../lib/gcc/arm-atollic-eabi/6.3.1/../../../../arm-atollic-eabi/lib/armv7e-m/fpu\libc_nano.a(lib_a-impure.o)
 .ARM.attributes
                0x00000442       0x34 c:/program files (x86)/atollic/truestudio for stm32 9.0.0/armtools/bin/../lib/gcc/arm-atollic-eabi/6.3.1/../../../../arm-atollic-eabi/lib/armv7e-m/fpu\libc_nano.a(lib_a-locale.o)
 .ARM.attributes
                0x00000476       0x34 c:/program files (x86)/atollic/truestudio for stm32 9.0.0/armtools/bin/../lib/gcc/arm-atollic-eabi/6.3.1/../../../../arm-atollic-eabi/lib/armv7e-m/fpu\libc_nano.a(lib_a-mbtowc_r.o)
 .ARM.attributes
                0x000004aa       0x34 c:/program files (x86)/atollic/truestudio for stm32 9.0.0/armtools/bin/../lib/gcc/arm-atollic-eabi/6.3.1/../../../../arm-atollic-eabi/lib/armv7e-m/fpu\libc_nano.a(lib_a-nano-svfprintf.o)
 .ARM.attributes
                0x000004de       0x34 c:/program files (x86)/atollic/truestudio for stm32 9.0.0/armtools/bin/../lib/gcc/arm-atollic-eabi/6.3.1/../../../../arm-atollic-eabi/lib/armv7e-m/fpu\libc_nano.a(lib_a-nano-vfprintf_i.o)
 .ARM.attributes
                0x00000512       0x34 c:/program files (x86)/atollic/truestudio for stm32 9.0.0/armtools/bin/../lib/gcc/arm-atollic-eabi/6.3.1/../../../../arm-atollic-eabi/lib/armv7e-m/fpu\libc_nano.a(lib_a-wctomb_r.o)
 .ARM.attributes
                0x00000546       0x34 c:/program files (x86)/atollic/truestudio for stm32 9.0.0/armtools/bin/../lib/gcc/arm-atollic-eabi/6.3.1/../../../../arm-atollic-eabi/lib/armv7e-m/fpu\libc_nano.a(lib_a-ctype_.o)
 .ARM.attributes
                0x0000057a       0x20 c:/program files (x86)/atollic/truestudio for stm32 9.0.0/armtools/bin/../lib/gcc/arm-atollic-eabi/6.3.1/../../../../arm-atollic-eabi/lib/armv7e-m/fpu\libc_nano.a(lib_a-memchr.o)
 .ARM.attributes
                0x0000059a       0x34 c:/program files (x86)/atollic/truestudio for stm32 9.0.0/armtools/bin/../lib/gcc/arm-atollic-eabi/6.3.1/../../../../arm-atollic-eabi/lib/armv7e-m/fpu\libc_nano.a(lib_a-memcpy-stub.o)
 .ARM.attributes
                0x000005ce       0x34 c:/program files (x86)/atollic/truestudio for stm32 9.0.0/armtools/bin/../lib/gcc/arm-atollic-eabi/6.3.1/../../../../arm-atollic-eabi/lib/armv7e-m/fpu\libc_nano.a(lib_a-memmove.o)
 .ARM.attributes
                0x00000602       0x34 c:/program files (x86)/atollic/truestudio for stm32 9.0.0/armtools/bin/../lib/gcc/arm-atollic-eabi/6.3.1/../../../../arm-atollic-eabi/lib/armv7e-m/fpu\libc_nano.a(lib_a-nano-freer.o)
 .ARM.attributes
                0x00000636       0x34 c:/program files (x86)/atollic/truestudio for stm32 9.0.0/armtools/bin/../lib/gcc/arm-atollic-eabi/6.3.1/../../../../arm-atollic-eabi/lib/armv7e-m/fpu\libc_nano.a(lib_a-nano-mallocr.o)
 .ARM.attributes
                0x0000066a       0x34 c:/program files (x86)/atollic/truestudio for stm32 9.0.0/armtools/bin/../lib/gcc/arm-atollic-eabi/6.3.1/../../../../arm-atollic-eabi/lib/armv7e-m/fpu\libc_nano.a(lib_a-nano-reallocr.o)
 .ARM.attributes
                0x0000069e       0x34 c:/program files (x86)/atollic/truestudio for stm32 9.0.0/armtools/bin/../lib/gcc/arm-atollic-eabi/6.3.1/../../../../arm-atollic-eabi/lib/armv7e-m/fpu\libc_nano.a(lib_a-sbrkr.o)
 .ARM.attributes
                0x000006d2       0x34 c:/program files (x86)/atollic/truestudio for stm32 9.0.0/armtools/bin/../lib/gcc/arm-atollic-eabi/6.3.1/../../../../arm-atollic-eabi/lib/armv7e-m/fpu\libc_nano.a(lib_a-mlock.o)
 .ARM.attributes
                0x00000706       0x34 c:/program files (x86)/atollic/truestudio for stm32 9.0.0/armtools/bin/../lib/gcc/arm-atollic-eabi/6.3.1/../../../../arm-atollic-eabi/lib/armv7e-m/fpu\libc_nano.a(lib_a-nano-msizer.o)
 .ARM.attributes
                0x0000073a       0x34 c:/program files (x86)/atollic/truestudio for stm32 9.0.0/armtools/bin/../lib/gcc/arm-atollic-eabi/6.3.1/../../../../arm-atollic-eabi/lib/armv7e-m/fpu\libc_nano.a(lib_a-reent.o)
 .ARM.attributes
                0x0000076e       0x22 c:/program files (x86)/atollic/truestudio for stm32 9.0.0/armtools/bin/../lib/gcc/arm-atollic-eabi/6.3.1/armv7e-m/fpu\libgcc.a(_aeabi_uldivmod.o)
 .ARM.attributes
                0x00000790       0x34 c:/program files (x86)/atollic/truestudio for stm32 9.0.0/armtools/bin/../lib/gcc/arm-atollic-eabi/6.3.1/armv7e-m/fpu\libgcc.a(_udivmoddi4.o)
 .ARM.attributes
                0x000007c4       0x22 c:/program files (x86)/atollic/truestudio for stm32 9.0.0/armtools/bin/../lib/gcc/arm-atollic-eabi/6.3.1/armv7e-m/fpu\libgcc.a(_dvmd_tls.o)
 .ARM.attributes
                0x000007e6       0x34 c:/program files (x86)/atollic/truestudio for stm32 9.0.0/armtools/bin/../lib/gcc/arm-atollic-eabi/6.3.1/../../../../arm-atollic-eabi/lib/armv7e-m/fpu\libnosys.a(sbrk.o)
 .ARM.attributes
                0x0000081a       0x22 c:/program files (x86)/atollic/truestudio for stm32 9.0.0/armtools/bin/../lib/gcc/arm-atollic-eabi/6.3.1/armv7e-m/fpu/crtn.o
OUTPUT(L4_NucleoPulseGen.elf elf32-littlearm)

.debug_info     0x00000000    0x1061c
 .debug_info    0x00000000     0x140f Drivers\STM32L4xx_HAL_Driver\Src\stm32l4xx_hal.o
 .debug_info    0x0000140f     0x1773 Drivers\STM32L4xx_HAL_Driver\Src\stm32l4xx_hal_cortex.o
 .debug_info    0x00002b82     0x139e Drivers\STM32L4xx_HAL_Driver\Src\stm32l4xx_hal_dac.o
 .debug_info    0x00003f20     0x1081 Drivers\STM32L4xx_HAL_Driver\Src\stm32l4xx_hal_gpio.o
 .debug_info    0x00004fa1     0x12a1 Drivers\STM32L4xx_HAL_Driver\Src\stm32l4xx_hal_pwr_ex.o
 .debug_info    0x00006242     0x15c5 Drivers\STM32L4xx_HAL_Driver\Src\stm32l4xx_hal_rcc.o
 .debug_info    0x00007807     0x17ef Drivers\STM32L4xx_HAL_Driver\Src\stm32l4xx_hal_rcc_ex.o
 .debug_info    0x00008ff6     0x2455 Drivers\STM32L4xx_HAL_Driver\Src\stm32l4xx_hal_uart.o
 .debug_info    0x0000b44b     0x2166 Src\main.o
 .debug_info    0x0000d5b1     0x185c Src\stm32l4xx_hal_msp.o
 .debug_info    0x0000ee0d      0x9b2 Src\stm32l4xx_it.o
 .debug_info    0x0000f7bf      0xdd5 Src\system_stm32l4xx.o
 .debug_info    0x00010594       0x88 startup\startup_stm32l476xx.o

.debug_abbrev   0x00000000     0x2100
 .debug_abbrev  0x00000000      0x2c9 Drivers\STM32L4xx_HAL_Driver\Src\stm32l4xx_hal.o
 .debug_abbrev  0x000002c9      0x37d Drivers\STM32L4xx_HAL_Driver\Src\stm32l4xx_hal_cortex.o
 .debug_abbrev  0x00000646      0x2d2 Drivers\STM32L4xx_HAL_Driver\Src\stm32l4xx_hal_dac.o
 .debug_abbrev  0x00000918      0x268 Drivers\STM32L4xx_HAL_Driver\Src\stm32l4xx_hal_gpio.o
 .debug_abbrev  0x00000b80      0x2c7 Drivers\STM32L4xx_HAL_Driver\Src\stm32l4xx_hal_pwr_ex.o
 .debug_abbrev  0x00000e47      0x2d2 Drivers\STM32L4xx_HAL_Driver\Src\stm32l4xx_hal_rcc.o
 .debug_abbrev  0x00001119      0x2ec Drivers\STM32L4xx_HAL_Driver\Src\stm32l4xx_hal_rcc_ex.o
 .debug_abbrev  0x00001405      0x3aa Drivers\STM32L4xx_HAL_Driver\Src\stm32l4xx_hal_uart.o
 .debug_abbrev  0x000017af      0x36e Src\main.o
 .debug_abbrev  0x00001b1d      0x212 Src\stm32l4xx_hal_msp.o
 .debug_abbrev  0x00001d2f      0x1d4 Src\stm32l4xx_it.o
 .debug_abbrev  0x00001f03      0x1eb Src\system_stm32l4xx.o
 .debug_abbrev  0x000020ee       0x12 startup\startup_stm32l476xx.o

.debug_loc      0x00000000     0x44e1
 .debug_loc     0x00000000       0xf8 Drivers\STM32L4xx_HAL_Driver\Src\stm32l4xx_hal.o
 .debug_loc     0x000000f8      0x4fb Drivers\STM32L4xx_HAL_Driver\Src\stm32l4xx_hal_cortex.o
 .debug_loc     0x000005f3      0x68a Drivers\STM32L4xx_HAL_Driver\Src\stm32l4xx_hal_dac.o
 .debug_loc     0x00000c7d      0x2cd Drivers\STM32L4xx_HAL_Driver\Src\stm32l4xx_hal_gpio.o
 .debug_loc     0x00000f4a      0x5ad Drivers\STM32L4xx_HAL_Driver\Src\stm32l4xx_hal_pwr_ex.o
 .debug_loc     0x000014f7      0x5ac Drivers\STM32L4xx_HAL_Driver\Src\stm32l4xx_hal_rcc.o
 .debug_loc     0x00001aa3      0xdab Drivers\STM32L4xx_HAL_Driver\Src\stm32l4xx_hal_rcc_ex.o
 .debug_loc     0x0000284e     0x19b3 Drivers\STM32L4xx_HAL_Driver\Src\stm32l4xx_hal_uart.o
 .debug_loc     0x00004201       0x88 Src\main.o
 .debug_loc     0x00004289       0x9a Src\stm32l4xx_hal_msp.o
 .debug_loc     0x00004323      0x1be Src\system_stm32l4xx.o

.debug_aranges  0x00000000      0x7b8
 .debug_aranges
                0x00000000      0x110 Drivers\STM32L4xx_HAL_Driver\Src\stm32l4xx_hal.o
 .debug_aranges
                0x00000110       0xa8 Drivers\STM32L4xx_HAL_Driver\Src\stm32l4xx_hal_cortex.o
 .debug_aranges
                0x000001b8       0x98 Drivers\STM32L4xx_HAL_Driver\Src\stm32l4xx_hal_dac.o
 .debug_aranges
                0x00000250       0x58 Drivers\STM32L4xx_HAL_Driver\Src\stm32l4xx_hal_gpio.o
 .debug_aranges
                0x000002a8      0x130 Drivers\STM32L4xx_HAL_Driver\Src\stm32l4xx_hal_pwr_ex.o
 .debug_aranges
                0x000003d8       0x88 Drivers\STM32L4xx_HAL_Driver\Src\stm32l4xx_hal_rcc.o
 .debug_aranges
                0x00000460       0xb8 Drivers\STM32L4xx_HAL_Driver\Src\stm32l4xx_hal_rcc_ex.o
 .debug_aranges
                0x00000518      0x1a0 Drivers\STM32L4xx_HAL_Driver\Src\stm32l4xx_hal_uart.o
 .debug_aranges
                0x000006b8       0x48 Src\main.o
 .debug_aranges
                0x00000700       0x40 Src\stm32l4xx_hal_msp.o
 .debug_aranges
                0x00000740       0x28 Src\stm32l4xx_it.o
 .debug_aranges
                0x00000768       0x28 Src\system_stm32l4xx.o
 .debug_aranges
                0x00000790       0x28 startup\startup_stm32l476xx.o

.debug_ranges   0x00000000      0x8b0
 .debug_ranges  0x00000000      0x100 Drivers\STM32L4xx_HAL_Driver\Src\stm32l4xx_hal.o
 .debug_ranges  0x00000100      0x138 Drivers\STM32L4xx_HAL_Driver\Src\stm32l4xx_hal_cortex.o
 .debug_ranges  0x00000238       0x88 Drivers\STM32L4xx_HAL_Driver\Src\stm32l4xx_hal_dac.o
 .debug_ranges  0x000002c0       0x68 Drivers\STM32L4xx_HAL_Driver\Src\stm32l4xx_hal_gpio.o
 .debug_ranges  0x00000328      0x120 Drivers\STM32L4xx_HAL_Driver\Src\stm32l4xx_hal_pwr_ex.o
 .debug_ranges  0x00000448       0x90 Drivers\STM32L4xx_HAL_Driver\Src\stm32l4xx_hal_rcc.o
 .debug_ranges  0x000004d8       0xe0 Drivers\STM32L4xx_HAL_Driver\Src\stm32l4xx_hal_rcc_ex.o
 .debug_ranges  0x000005b8      0x190 Drivers\STM32L4xx_HAL_Driver\Src\stm32l4xx_hal_uart.o
 .debug_ranges  0x00000748       0x88 Src\main.o
 .debug_ranges  0x000007d0       0x90 Src\stm32l4xx_hal_msp.o
 .debug_ranges  0x00000860       0x18 Src\stm32l4xx_it.o
 .debug_ranges  0x00000878       0x18 Src\system_stm32l4xx.o
 .debug_ranges  0x00000890       0x20 startup\startup_stm32l476xx.o

.debug_line     0x00000000     0x443d
 .debug_line    0x00000000      0x4f2 Drivers\STM32L4xx_HAL_Driver\Src\stm32l4xx_hal.o
 .debug_line    0x000004f2      0x4d5 Drivers\STM32L4xx_HAL_Driver\Src\stm32l4xx_hal_cortex.o
 .debug_line    0x000009c7      0x563 Drivers\STM32L4xx_HAL_Driver\Src\stm32l4xx_hal_dac.o
 .debug_line    0x00000f2a      0x47c Drivers\STM32L4xx_HAL_Driver\Src\stm32l4xx_hal_gpio.o
 .debug_line    0x000013a6      0x674 Drivers\STM32L4xx_HAL_Driver\Src\stm32l4xx_hal_pwr_ex.o
 .debug_line    0x00001a1a      0x649 Drivers\STM32L4xx_HAL_Driver\Src\stm32l4xx_hal_rcc.o
 .debug_line    0x00002063      0x7c9 Drivers\STM32L4xx_HAL_Driver\Src\stm32l4xx_hal_rcc_ex.o
 .debug_line    0x0000282c      0xe4d Drivers\STM32L4xx_HAL_Driver\Src\stm32l4xx_hal_uart.o
 .debug_line    0x00003679      0x4a5 Src\main.o
 .debug_line    0x00003b1e      0x367 Src\stm32l4xx_hal_msp.o
 .debug_line    0x00003e85      0x291 Src\stm32l4xx_it.o
 .debug_line    0x00004116      0x2a8 Src\system_stm32l4xx.o
 .debug_line    0x000043be       0x7f startup\startup_stm32l476xx.o

.debug_str      0x00000000     0x3527
 .debug_str     0x00000000     0x1087 Drivers\STM32L4xx_HAL_Driver\Src\stm32l4xx_hal.o
                               0x1153 (size before relaxing)
 .debug_str     0x00001087      0x3c3 Drivers\STM32L4xx_HAL_Driver\Src\stm32l4xx_hal_cortex.o
                               0x10a2 (size before relaxing)
 .debug_str     0x0000144a      0x5f5 Drivers\STM32L4xx_HAL_Driver\Src\stm32l4xx_hal_dac.o
                                0xce6 (size before relaxing)
 .debug_str     0x00001a3f      0x1d3 Drivers\STM32L4xx_HAL_Driver\Src\stm32l4xx_hal_gpio.o
                                0x9fd (size before relaxing)
 .debug_str     0x00001c12      0x53f Drivers\STM32L4xx_HAL_Driver\Src\stm32l4xx_hal_pwr_ex.o
                                0xc8d (size before relaxing)
 .debug_str     0x00002151      0x335 Drivers\STM32L4xx_HAL_Driver\Src\stm32l4xx_hal_rcc.o
                                0xcb1 (size before relaxing)
 .debug_str     0x00002486      0x56b Drivers\STM32L4xx_HAL_Driver\Src\stm32l4xx_hal_rcc_ex.o
                                0xf2c (size before relaxing)
 .debug_str     0x000029f1      0x9c4 Drivers\STM32L4xx_HAL_Driver\Src\stm32l4xx_hal_uart.o
                               0x1452 (size before relaxing)
 .debug_str     0x000033b5       0xdb Src\main.o
                               0x19c5 (size before relaxing)
 .debug_str     0x00003490       0x1b Src\stm32l4xx_hal_msp.o
                               0x1347 (size before relaxing)
 .debug_str     0x000034ab       0x41 Src\stm32l4xx_it.o
                                0x6a7 (size before relaxing)
 .debug_str     0x000034ec       0x3b Src\system_stm32l4xx.o
                                0x845 (size before relaxing)

.comment        0x00000000       0x7c
 .comment       0x00000000       0x7c Drivers\STM32L4xx_HAL_Driver\Src\stm32l4xx_hal.o
                                 0x7d (size before relaxing)
 .comment       0x0000007c       0x7d Drivers\STM32L4xx_HAL_Driver\Src\stm32l4xx_hal_cortex.o
 .comment       0x0000007c       0x7d Drivers\STM32L4xx_HAL_Driver\Src\stm32l4xx_hal_dac.o
 .comment       0x0000007c       0x7d Drivers\STM32L4xx_HAL_Driver\Src\stm32l4xx_hal_gpio.o
 .comment       0x0000007c       0x7d Drivers\STM32L4xx_HAL_Driver\Src\stm32l4xx_hal_pwr_ex.o
 .comment       0x0000007c       0x7d Drivers\STM32L4xx_HAL_Driver\Src\stm32l4xx_hal_rcc.o
 .comment       0x0000007c       0x7d Drivers\STM32L4xx_HAL_Driver\Src\stm32l4xx_hal_rcc_ex.o
 .comment       0x0000007c       0x7d Drivers\STM32L4xx_HAL_Driver\Src\stm32l4xx_hal_uart.o
 .comment       0x0000007c       0x7d Src\main.o
 .comment       0x0000007c       0x7d Src\stm32l4xx_hal_msp.o
 .comment       0x0000007c       0x7d Src\stm32l4xx_it.o
 .comment       0x0000007c       0x7d Src\system_stm32l4xx.o

.debug_frame    0x00000000     0x1894
 .debug_frame   0x00000000      0x240 Drivers\STM32L4xx_HAL_Driver\Src\stm32l4xx_hal.o
 .debug_frame   0x00000240      0x158 Drivers\STM32L4xx_HAL_Driver\Src\stm32l4xx_hal_cortex.o
 .debug_frame   0x00000398      0x1e0 Drivers\STM32L4xx_HAL_Driver\Src\stm32l4xx_hal_dac.o
 .debug_frame   0x00000578       0xdc Drivers\STM32L4xx_HAL_Driver\Src\stm32l4xx_hal_gpio.o
 .debug_frame   0x00000654      0x278 Drivers\STM32L4xx_HAL_Driver\Src\stm32l4xx_hal_pwr_ex.o
 .debug_frame   0x000008cc      0x15c Drivers\STM32L4xx_HAL_Driver\Src\stm32l4xx_hal_rcc.o
 .debug_frame   0x00000a28      0x1f0 Drivers\STM32L4xx_HAL_Driver\Src\stm32l4xx_hal_rcc_ex.o
 .debug_frame   0x00000c18      0x548 Drivers\STM32L4xx_HAL_Driver\Src\stm32l4xx_hal_uart.o
 .debug_frame   0x00001160       0xbc Src\main.o
 .debug_frame   0x0000121c       0x7c Src\stm32l4xx_hal_msp.o
 .debug_frame   0x00001298       0x4c Src\stm32l4xx_it.o
 .debug_frame   0x000012e4       0x38 Src\system_stm32l4xx.o
 .debug_frame   0x0000131c       0x30 c:/program files (x86)/atollic/truestudio for stm32 9.0.0/armtools/bin/../lib/gcc/arm-atollic-eabi/6.3.1/../../../../arm-atollic-eabi/lib/armv7e-m/fpu\libc_nano.a(lib_a-atoi.o)
 .debug_frame   0x0000134c       0x2c c:/program files (x86)/atollic/truestudio for stm32 9.0.0/armtools/bin/../lib/gcc/arm-atollic-eabi/6.3.1/../../../../arm-atollic-eabi/lib/armv7e-m/fpu\libc_nano.a(lib_a-init.o)
 .debug_frame   0x00001378       0x70 c:/program files (x86)/atollic/truestudio for stm32 9.0.0/armtools/bin/../lib/gcc/arm-atollic-eabi/6.3.1/../../../../arm-atollic-eabi/lib/armv7e-m/fpu\libc_nano.a(lib_a-sprintf.o)
 .debug_frame   0x000013e8       0x88 c:/program files (x86)/atollic/truestudio for stm32 9.0.0/armtools/bin/../lib/gcc/arm-atollic-eabi/6.3.1/../../../../arm-atollic-eabi/lib/armv7e-m/fpu\libc_nano.a(lib_a-strtol.o)
 .debug_frame   0x00001470       0x68 c:/program files (x86)/atollic/truestudio for stm32 9.0.0/armtools/bin/../lib/gcc/arm-atollic-eabi/6.3.1/../../../../arm-atollic-eabi/lib/armv7e-m/fpu\libc_nano.a(lib_a-locale.o)
 .debug_frame   0x000014d8       0x48 c:/program files (x86)/atollic/truestudio for stm32 9.0.0/armtools/bin/../lib/gcc/arm-atollic-eabi/6.3.1/../../../../arm-atollic-eabi/lib/armv7e-m/fpu\libc_nano.a(lib_a-mbtowc_r.o)
 .debug_frame   0x00001520       0x90 c:/program files (x86)/atollic/truestudio for stm32 9.0.0/armtools/bin/../lib/gcc/arm-atollic-eabi/6.3.1/../../../../arm-atollic-eabi/lib/armv7e-m/fpu\libc_nano.a(lib_a-nano-svfprintf.o)
 .debug_frame   0x000015b0       0x60 c:/program files (x86)/atollic/truestudio for stm32 9.0.0/armtools/bin/../lib/gcc/arm-atollic-eabi/6.3.1/../../../../arm-atollic-eabi/lib/armv7e-m/fpu\libc_nano.a(lib_a-nano-vfprintf_i.o)
 .debug_frame   0x00001610       0x3c c:/program files (x86)/atollic/truestudio for stm32 9.0.0/armtools/bin/../lib/gcc/arm-atollic-eabi/6.3.1/../../../../arm-atollic-eabi/lib/armv7e-m/fpu\libc_nano.a(lib_a-wctomb_r.o)
 .debug_frame   0x0000164c       0x28 c:/program files (x86)/atollic/truestudio for stm32 9.0.0/armtools/bin/../lib/gcc/arm-atollic-eabi/6.3.1/../../../../arm-atollic-eabi/lib/armv7e-m/fpu\libc_nano.a(lib_a-memcpy-stub.o)
 .debug_frame   0x00001674       0x28 c:/program files (x86)/atollic/truestudio for stm32 9.0.0/armtools/bin/../lib/gcc/arm-atollic-eabi/6.3.1/../../../../arm-atollic-eabi/lib/armv7e-m/fpu\libc_nano.a(lib_a-memmove.o)
 .debug_frame   0x0000169c       0x38 c:/program files (x86)/atollic/truestudio for stm32 9.0.0/armtools/bin/../lib/gcc/arm-atollic-eabi/6.3.1/../../../../arm-atollic-eabi/lib/armv7e-m/fpu\libc_nano.a(lib_a-nano-freer.o)
 .debug_frame   0x000016d4       0x2c c:/program files (x86)/atollic/truestudio for stm32 9.0.0/armtools/bin/../lib/gcc/arm-atollic-eabi/6.3.1/../../../../arm-atollic-eabi/lib/armv7e-m/fpu\libc_nano.a(lib_a-nano-mallocr.o)
 .debug_frame   0x00001700       0x3c c:/program files (x86)/atollic/truestudio for stm32 9.0.0/armtools/bin/../lib/gcc/arm-atollic-eabi/6.3.1/../../../../arm-atollic-eabi/lib/armv7e-m/fpu\libc_nano.a(lib_a-nano-reallocr.o)
 .debug_frame   0x0000173c       0x2c c:/program files (x86)/atollic/truestudio for stm32 9.0.0/armtools/bin/../lib/gcc/arm-atollic-eabi/6.3.1/../../../../arm-atollic-eabi/lib/armv7e-m/fpu\libc_nano.a(lib_a-sbrkr.o)
 .debug_frame   0x00001768       0x30 c:/program files (x86)/atollic/truestudio for stm32 9.0.0/armtools/bin/../lib/gcc/arm-atollic-eabi/6.3.1/../../../../arm-atollic-eabi/lib/armv7e-m/fpu\libc_nano.a(lib_a-mlock.o)
 .debug_frame   0x00001798       0x20 c:/program files (x86)/atollic/truestudio for stm32 9.0.0/armtools/bin/../lib/gcc/arm-atollic-eabi/6.3.1/../../../../arm-atollic-eabi/lib/armv7e-m/fpu\libc_nano.a(lib_a-nano-msizer.o)
 .debug_frame   0x000017b8       0x5c c:/program files (x86)/atollic/truestudio for stm32 9.0.0/armtools/bin/../lib/gcc/arm-atollic-eabi/6.3.1/../../../../arm-atollic-eabi/lib/armv7e-m/fpu\libc_nano.a(lib_a-reent.o)
 .debug_frame   0x00001814       0x2c c:/program files (x86)/atollic/truestudio for stm32 9.0.0/armtools/bin/../lib/gcc/arm-atollic-eabi/6.3.1/armv7e-m/fpu\libgcc.a(_aeabi_uldivmod.o)
 .debug_frame   0x00001840       0x34 c:/program files (x86)/atollic/truestudio for stm32 9.0.0/armtools/bin/../lib/gcc/arm-atollic-eabi/6.3.1/armv7e-m/fpu\libgcc.a(_udivmoddi4.o)
 .debug_frame   0x00001874       0x20 c:/program files (x86)/atollic/truestudio for stm32 9.0.0/armtools/bin/../lib/gcc/arm-atollic-eabi/6.3.1/../../../../arm-atollic-eabi/lib/armv7e-m/fpu\libnosys.a(sbrk.o)
